 ECM, IBEAM, JWTYPE_IN, NORDER, KINCORR,           scale_fac_muR,scale_fac_muF=    1960.0000000000000               -1           1           2           1   1.0000000000000000        1.0000000000000000     

   Q, qT, y, asymL0_1, asymA3_1, asymL0_1+asymL0_2,              asymA3_1+asymA3_2
  80.00      0.9106E-01  -3.900        0.000000        0.000000        0.000000        0.000000    
  80.00      0.1501      -3.900        0.000000        0.000000        0.000000        0.000000    
  80.00      0.2475      -3.900        0.000000        0.000000        0.000000        0.000000    
  80.00      0.4081      -3.900        0.000000        0.000000        0.000000        0.000000    
  80.00      0.6729      -3.900        0.000000        0.000000        0.000000        0.000000    
  80.00       1.109      -3.900        0.000000        0.000000        0.000000        0.000000    
  80.00       1.829      -3.900        0.000000        0.000000        0.000000        0.000000    
  80.00       3.016      -3.900        0.000000        0.000000        0.000000        0.000000    
  80.00       4.972      -3.900        0.000000        0.000000        0.000000        0.000000    
  80.00       8.197      -3.900        0.000000        0.000000        0.000000        0.000000    
  80.00      0.9106E-01  -2.840        282.1047        274.0565       -131.8623       -126.8832    
  80.00      0.1501      -2.840        155.0585        150.6200       -3.040825       -2.364465    
  80.00      0.2475      -2.840        84.27509        81.85278        31.87362        31.23428    
  80.00      0.4081      -2.840        45.18704        43.88152        32.80794        31.98507    
  80.00      0.6729      -2.840        23.80910        23.11664        24.39060        23.73471    
  80.00       1.109      -2.840        12.26158        11.90181        15.62177        15.18455    
  80.00       1.829      -2.840        6.101498        5.920270        9.012834        8.752467    
  80.00       3.016      -2.840        2.884014        2.796793        4.720955        4.580166    
  80.00       4.972      -2.840        1.246666        1.207836        2.197319        2.129158    
  80.00       8.197      -2.840       0.4464134       0.4316415       0.8419263       0.8141010    
  80.00      0.9106E-01   0.000        36710.97        22730.03       -57910.66       -35902.63    
  80.00      0.1501       0.000        20455.61        12662.84       -21452.69       -13324.16    
  80.00      0.2475       0.000        11303.77        6995.842       -6448.555       -4025.418    
  80.00      0.4081       0.000        6187.084        3828.071       -884.4659       -571.6389    
  80.00      0.6729       0.000        3346.924        2070.096        783.0689        468.1064    
  80.00       1.109       0.000        1784.860        1103.487        999.9471        607.9314    
  80.00       1.829       0.000        932.6775        576.3382        780.6091        476.1279    
  80.00       3.016       0.000        474.6212        293.1253        505.1068        308.3253    
  80.00       4.972       0.000        232.3442        143.4302        288.8911        176.3320    
  80.00       8.197       0.000        106.7717        65.92148        147.0737        89.77035    
  80.00      0.9106E-01   2.840        1347.055        1343.240       -721.5415       -718.7362    
  80.00      0.1501       2.840        741.1438        739.0345       -61.18472       -60.64832    
  80.00      0.2475       2.840        403.3095        402.1547        129.2774        129.0733    
  80.00      0.4081       2.840        216.5839        215.9590        145.9007        145.5522    
  80.00      0.6729       2.840        114.3497        114.0167        111.7499        111.4538    
  80.00       1.109       2.840        59.05290        58.87871        72.75742        72.55343    
  80.00       1.829       2.840        29.50440        29.41588        42.49416        42.36971    
  80.00       3.016       2.840        14.03615        13.99302        22.52579        22.45697    
  80.00       4.972       2.840        6.138979        6.119408        10.64682        10.61264    
  80.00       8.197       2.840        2.257231        2.249517        4.191926        4.177469    
  80.00      0.9106E-01   3.900        0.000000        0.000000        0.000000        0.000000    
  80.00      0.1501       3.900        0.000000        0.000000        0.000000        0.000000    
  80.00      0.2475       3.900        0.000000        0.000000        0.000000        0.000000    
  80.00      0.4081       3.900        0.000000        0.000000        0.000000        0.000000    
  80.00      0.6729       3.900        0.000000        0.000000        0.000000        0.000000    
  80.00       1.109       3.900        0.000000        0.000000        0.000000        0.000000    
  80.00       1.829       3.900        0.000000        0.000000        0.000000        0.000000    
  80.00       3.016       3.900        0.000000        0.000000        0.000000        0.000000    
  80.00       4.972       3.900        0.000000        0.000000        0.000000        0.000000    
  80.00       8.197       3.900        0.000000        0.000000        0.000000        0.000000    
