 ECM, IBEAM, JWTYPE_IN, NORDER, IDO_CBAR, JZ_TYPE, scale_fac_muR, scale_fac_muF, iscale=    1960.0000000000000               -1           1           2           0           1   1.0000000000000000        1.0000000000000000                1

  Q,qT,y, pert_1, pert_2,                         factor_K=(pert_2+pert_1)/pert_1                                   pertA3_1+pertA3_2 
  60.00      0.9106E-01  -3.900        0.000000       -999.0000        0.000000       -999.0000    
  60.00      0.1006      -3.900        0.000000       -999.0000        0.000000       -999.0000    
  60.00      0.1112      -3.900        0.000000       -999.0000        0.000000       -999.0000    
  60.00      0.1229      -3.900        0.000000       -999.0000        0.000000       -999.0000    
  60.00      0.1358      -3.900        0.000000       -999.0000        0.000000       -999.0000    
  60.00      0.1501      -3.900        0.000000       -999.0000        0.000000       -999.0000    
  60.00      0.1659      -3.900        0.000000       -999.0000        0.000000       -999.0000    
  60.00      0.1834      -3.900        0.000000       -999.0000        0.000000       -999.0000    
  60.00      0.2027      -3.900        0.000000       -999.0000        0.000000       -999.0000    
  60.00      0.2240      -3.900        0.000000       -999.0000        0.000000       -999.0000    
  60.00      0.2475      -3.900        0.000000       -999.0000        0.000000       -999.0000    
  60.00      0.2736      -3.900        0.000000       -999.0000        0.000000       -999.0000    
  60.00      0.3023      -3.900        0.000000       -999.0000        0.000000       -999.0000    
  60.00      0.3341      -3.900        0.000000       -999.0000        0.000000       -999.0000    
  60.00      0.3693      -3.900        0.000000       -999.0000        0.000000       -999.0000    
  60.00      0.4081      -3.900        0.000000       -999.0000        0.000000       -999.0000    
  60.00      0.4510      -3.900        0.000000       -999.0000        0.000000       -999.0000    
  60.00      0.4985      -3.900        0.000000       -999.0000        0.000000       -999.0000    
  60.00      0.5509      -3.900        0.000000       -999.0000        0.000000       -999.0000    
  60.00      0.6088      -3.900        0.000000       -999.0000        0.000000       -999.0000    
  60.00      0.6729      -3.900        0.000000       -999.0000        0.000000       -999.0000    
  60.00      0.7436      -3.900        0.000000       -999.0000        0.000000       -999.0000    
  60.00      0.8218      -3.900        0.000000       -999.0000        0.000000       -999.0000    
  60.00      0.9083      -3.900        0.000000       -999.0000        0.000000       -999.0000    
  60.00       1.004      -3.900        0.000000       -999.0000        0.000000       -999.0000    
  60.00       1.109      -3.900        0.000000       -999.0000        0.000000       -999.0000    
  60.00       1.226      -3.900        0.000000       -999.0000        0.000000       -999.0000    
  60.00       1.355      -3.900        0.000000       -999.0000        0.000000       -999.0000    
  60.00       1.497      -3.900        0.000000       -999.0000        0.000000       -999.0000    
  60.00       1.655      -3.900        0.000000       -999.0000        0.000000       -999.0000    
  60.00       1.829      -3.900        0.000000       -999.0000        0.000000       -999.0000    
  60.00       2.021      -3.900        0.000000       -999.0000        0.000000       -999.0000    
  60.00       2.234      -3.900        0.000000       -999.0000        0.000000       -999.0000    
  60.00       2.469      -3.900        0.000000       -999.0000        0.000000       -999.0000    
  60.00       2.729      -3.900        0.000000       -999.0000        0.000000       -999.0000    
  60.00       3.016      -3.900        0.000000       -999.0000        0.000000       -999.0000    
  60.00       3.333      -3.900        0.000000       -999.0000        0.000000       -999.0000    
  60.00       3.683      -3.900        0.000000       -999.0000        0.000000       -999.0000    
  60.00       4.071      -3.900        0.000000       -999.0000        0.000000       -999.0000    
  60.00       4.499      -3.900        0.000000       -999.0000        0.000000       -999.0000    
  60.00       4.972      -3.900        0.000000       -999.0000        0.000000       -999.0000    
  60.00       5.495      -3.900        0.000000       -999.0000        0.000000       -999.0000    
  60.00       6.073      -3.900        0.000000       -999.0000        0.000000       -999.0000    
  60.00       6.711      -3.900        0.000000       -999.0000        0.000000       -999.0000    
  60.00       7.417      -3.900        0.000000       -999.0000        0.000000       -999.0000    
  60.00       8.197      -3.900        0.000000       -999.0000        0.000000       -999.0000    
  60.00       9.059      -3.900        0.000000       -999.0000        0.000000       -999.0000    
  60.00       10.01      -3.900        0.000000       -999.0000        0.000000       -999.0000    
  60.00       11.06      -3.900        0.000000       -999.0000        0.000000       -999.0000    
  60.00       12.23      -3.900        0.000000       -999.0000        0.000000       -999.0000    
  60.00       13.51      -3.900        0.000000       -999.0000        0.000000       -999.0000    
  60.00       14.94      -3.900        0.000000       -999.0000        0.000000       -999.0000    
  60.00       16.51      -3.900        0.000000       -999.0000        0.000000       -999.0000    
  60.00       18.24      -3.900        0.000000       -999.0000        0.000000       -999.0000    
  60.00       20.16      -3.900        0.000000       -999.0000        0.000000       -999.0000    
  60.00       22.28      -3.900        0.000000       -999.0000        0.000000       -999.0000    
  60.00       24.63      -3.900        0.000000       -999.0000        0.000000       -999.0000    
  60.00       27.22      -3.900        0.000000       -999.0000        0.000000       -999.0000    
  60.00       30.08      -3.900        0.000000       -999.0000        0.000000       -999.0000    
  60.00       33.24      -3.900        0.000000       -999.0000        0.000000       -999.0000    
  60.00       36.74      -3.900        0.000000       -999.0000        0.000000       -999.0000    
  60.00       40.60      -3.900        0.000000       -999.0000        0.000000       -999.0000    
  60.00       44.87      -3.900        0.000000       -999.0000        0.000000       -999.0000    
  60.00       49.59      -3.900        0.000000       -999.0000        0.000000       -999.0000    
  60.00       54.81      -3.900        0.000000       -999.0000        0.000000       -999.0000    
  60.00       60.57      -3.900        0.000000       -999.0000        0.000000       -999.0000    
  60.00       66.94      -3.900        0.000000       -999.0000        0.000000       -999.0000    
  60.00       73.98      -3.900        0.000000       -999.0000        0.000000       -999.0000    
  60.00       81.76      -3.900        0.000000       -999.0000        0.000000       -999.0000    
  60.00       89.36      -3.900        0.000000       -999.0000        0.000000       -999.0000    
  60.00       90.36      -3.900        0.000000       -999.0000        0.000000       -999.0000    
  60.00       91.20      -3.900        0.000000       -999.0000        0.000000       -999.0000    
  60.00       92.00      -3.900        0.000000       -999.0000        0.000000       -999.0000    
  60.00       99.86      -3.900        0.000000       -999.0000        0.000000       -999.0000    
  60.00       110.4      -3.900        0.000000       -999.0000        0.000000       -999.0000    
  60.00       120.0      -3.900        0.000000       -999.0000        0.000000       -999.0000    
  60.00       130.0      -3.900        0.000000       -999.0000        0.000000       -999.0000    
  60.00       140.0      -3.900        0.000000       -999.0000        0.000000       -999.0000    
  60.00       150.0      -3.900        0.000000       -999.0000        0.000000       -999.0000    
  60.00       160.0      -3.900        0.000000       -999.0000        0.000000       -999.0000    
  60.00       170.0      -3.900        0.000000       -999.0000        0.000000       -999.0000    
  60.00       180.0      -3.900        0.000000       -999.0000        0.000000       -999.0000    
  60.00       190.0      -3.900        0.000000       -999.0000        0.000000       -999.0000    
  60.00       200.0      -3.900        0.000000       -999.0000        0.000000       -999.0000    
  60.00       210.0      -3.900        0.000000       -999.0000        0.000000       -999.0000    
  60.00       220.0      -3.900        0.000000       -999.0000        0.000000       -999.0000    
  60.00       230.0      -3.900        0.000000       -999.0000        0.000000       -999.0000    
  60.00       240.0      -3.900        0.000000       -999.0000        0.000000       -999.0000    
  60.00       250.0      -3.900        0.000000       -999.0000        0.000000       -999.0000    
  60.00       260.0      -3.900        0.000000       -999.0000        0.000000       -999.0000    
  60.00       270.0      -3.900        0.000000       -999.0000        0.000000       -999.0000    
  60.00       280.0      -3.900        0.000000       -999.0000        0.000000       -999.0000    
  60.00       290.0      -3.900        0.000000       -999.0000        0.000000       -999.0000    
  60.00       300.0      -3.900        0.000000       -999.0000        0.000000       -999.0000    
  60.00       310.0      -3.900        0.000000       -999.0000        0.000000       -999.0000    
  60.00       320.0      -3.900        0.000000       -999.0000        0.000000       -999.0000    
  60.00       330.0      -3.900        0.000000       -999.0000        0.000000       -999.0000    
  60.00       340.0      -3.900        0.000000       -999.0000        0.000000       -999.0000    
  60.00       350.0      -3.900        0.000000       -999.0000        0.000000       -999.0000    
  60.00       360.0      -3.900        0.000000       -999.0000        0.000000       -999.0000    
  60.00       370.0      -3.900        0.000000       -999.0000        0.000000       -999.0000    
  60.00       380.0      -3.900        0.000000       -999.0000        0.000000       -999.0000    
  60.00       400.0      -3.900        0.000000       -999.0000        0.000000       -999.0000    
  60.00       450.0      -3.900        0.000000       -999.0000        0.000000       -999.0000    
  60.00       500.0      -3.900        0.000000       -999.0000        0.000000       -999.0000    
  60.00      0.9106E-01  -3.200        259.4025       -999.0000       -60.96574       -999.0000    
  60.00      0.1006      -3.200        230.1263       -999.0000       -33.14708       -999.0000    
  60.00      0.1112      -3.200        203.9319       -999.0000       -11.16167       -999.0000    
  60.00      0.1229      -3.200        180.6714       -999.0000        5.847152       -999.0000    
  60.00      0.1358      -3.200        160.0361       -999.0000        18.74998       -999.0000    
  60.00      0.1501      -3.200        141.6372       -999.0000        28.34572       -999.0000    
  60.00      0.1659      -3.200        125.2964       -999.0000        35.20571       -999.0000    
  60.00      0.1834      -3.200        110.7557       -999.0000        39.85915       -999.0000    
  60.00      0.2027      -3.200        97.87633       -999.0000        42.72267       -999.0000    
  60.00      0.2240      -3.200        86.46007       -999.0000        44.17190       -999.0000    
  60.00      0.2475      -3.200        76.34434       -999.0000        44.51589       -999.0000    
  60.00      0.2736      -3.200        67.32800       -999.0000        44.00290       -999.0000    
  60.00      0.3023      -3.200        59.37447       -999.0000        42.84515       -999.0000    
  60.00      0.3341      -3.200        52.30605       -999.0000        41.20564       -999.0000    
  60.00      0.3693      -3.200        46.03616       -999.0000        39.22162       -999.0000    
  60.00      0.4081      -3.200        40.49977       -999.0000        37.01298       -999.0000    
  60.00      0.4510      -3.200        35.59711       -999.0000        34.66473       -999.0000    
  60.00      0.4985      -3.200        31.25274       -999.0000        32.24569       -999.0000    
  60.00      0.5509      -3.200        27.41920       -999.0000        29.82113       -999.0000    
  60.00      0.6088      -3.200        24.03209       -999.0000        27.42986       -999.0000    
  60.00      0.6729      -3.200        21.03607       -999.0000        25.10065       -999.0000    
  60.00      0.7436      -3.200        18.39730       -999.0000        22.86666       -999.0000    
  60.00      0.8218      -3.200        16.06779       -999.0000        20.73863       -999.0000    
  60.00      0.9083      -3.200        14.01295       -999.0000        18.72863       -999.0000    
  60.00       1.004      -3.200        12.20168       -999.0000        16.84361       -999.0000    
  60.00       1.109      -3.200        10.61863       -999.0000        15.10103       -999.0000    
  60.00       1.226      -3.200        9.214777       -999.0000        13.47394       -999.0000    
  60.00       1.355      -3.200        7.984744       -999.0000        11.97958       -999.0000    
  60.00       1.497      -3.200        6.908924       -999.0000        10.61486       -999.0000    
  60.00       1.655      -3.200        5.959364       -999.0000        9.361637       -999.0000    
  60.00       1.829      -3.200        5.130926       -999.0000        8.227644       -999.0000    
  60.00       2.021      -3.200        4.407237       -999.0000        7.203064       -999.0000    
  60.00       2.234      -3.200        3.772727       -999.0000        6.276280       -999.0000    
  60.00       2.469      -3.200        3.220461       -999.0000        5.446105       -999.0000    
  60.00       2.729      -3.200        2.739201       -999.0000        4.703428       -999.0000    
  60.00       3.016      -3.200        2.321435       -999.0000        4.042692       -999.0000    
  60.00       3.333      -3.200        1.959424       -999.0000        3.457063       -999.0000    
  60.00       3.683      -3.200        1.646551       -999.0000        2.940421       -999.0000    
  60.00       4.071      -3.200        1.375839       -999.0000        2.484666       -999.0000    
  60.00       4.499      -3.200        1.143579       -999.0000        2.086640       -999.0000    
  60.00       4.972      -3.200       0.9445892       -999.0000        1.739935       -999.0000    
  60.00       5.495      -3.200       0.7747933       -999.0000        1.439706       -999.0000    
  60.00       6.073      -3.200       0.6305887       -999.0000        1.181077       -999.0000    
  60.00       6.711      -3.200       0.5089456       -999.0000       0.9600832       -999.0000    
  60.00       7.417      -3.200       0.4067406       -999.0000       0.7722947       -999.0000    
  60.00       8.197      -3.200       0.3215487       -999.0000       0.6139449       -999.0000    
  60.00       9.059      -3.200       0.2511147       -999.0000       0.4818536       -999.0000    
  60.00       10.01      -3.200       0.1934647       -999.0000       0.3727184       -999.0000    
  60.00       11.06      -3.200       0.1467469       -999.0000       0.2837016       -999.0000    
  60.00       12.23      -3.200       0.1089746       -999.0000       0.2111729       -999.0000    
  60.00       13.51      -3.200       0.7942001E-01   -999.0000       0.1541582       -999.0000    
  60.00       14.94      -3.200       0.5620690E-01   -999.0000       0.1092233       -999.0000    
  60.00       16.51      -3.200       0.3863238E-01   -999.0000       0.7507948E-01   -999.0000    
  60.00       18.24      -3.200       0.2559728E-01   -999.0000       0.4974826E-01   -999.0000    
  60.00       20.16      -3.200       0.1614796E-01   -999.0000       0.3136574E-01   -999.0000    
  60.00       22.28      -3.200       0.9606632E-02   -999.0000       0.1865119E-01   -999.0000    
  60.00       24.63      -3.200       0.5291457E-02   -999.0000       0.1026889E-01   -999.0000    
  60.00       27.22      -3.200       0.2646352E-02   -999.0000       0.5135800E-02   -999.0000    
  60.00       30.08      -3.200       0.1161676E-02   -999.0000       0.2255780E-02   -999.0000    
  60.00       33.24      -3.200       0.4248837E-03   -999.0000       0.8260400E-03   -999.0000    
  60.00       36.74      -3.200       0.1180926E-03   -999.0000       0.2299797E-03   -999.0000    
  60.00       40.60      -3.200       0.2106267E-04   -999.0000       0.4107497E-04   -999.0000    
  60.00       44.87      -3.200       0.1553710E-05   -999.0000       0.3023565E-05   -999.0000    
  60.00       49.59      -3.200       0.7634812E-08   -999.0000       0.1460273E-07   -999.0000    
  60.00       54.81      -3.200        0.000000       -999.0000        0.000000       -999.0000    
  60.00       60.57      -3.200        0.000000       -999.0000        0.000000       -999.0000    
  60.00       66.94      -3.200        0.000000       -999.0000        0.000000       -999.0000    
  60.00       73.98      -3.200        0.000000       -999.0000        0.000000       -999.0000    
  60.00       81.76      -3.200        0.000000       -999.0000        0.000000       -999.0000    
  60.00       89.36      -3.200        0.000000       -999.0000        0.000000       -999.0000    
  60.00       90.36      -3.200        0.000000       -999.0000        0.000000       -999.0000    
  60.00       91.20      -3.200        0.000000       -999.0000        0.000000       -999.0000    
  60.00       92.00      -3.200        0.000000       -999.0000        0.000000       -999.0000    
  60.00       99.86      -3.200        0.000000       -999.0000        0.000000       -999.0000    
  60.00       110.4      -3.200        0.000000       -999.0000        0.000000       -999.0000    
  60.00       120.0      -3.200        0.000000       -999.0000        0.000000       -999.0000    
  60.00       130.0      -3.200        0.000000       -999.0000        0.000000       -999.0000    
  60.00       140.0      -3.200        0.000000       -999.0000        0.000000       -999.0000    
  60.00       150.0      -3.200        0.000000       -999.0000        0.000000       -999.0000    
  60.00       160.0      -3.200        0.000000       -999.0000        0.000000       -999.0000    
  60.00       170.0      -3.200        0.000000       -999.0000        0.000000       -999.0000    
  60.00       180.0      -3.200        0.000000       -999.0000        0.000000       -999.0000    
  60.00       190.0      -3.200        0.000000       -999.0000        0.000000       -999.0000    
  60.00       200.0      -3.200        0.000000       -999.0000        0.000000       -999.0000    
  60.00       210.0      -3.200        0.000000       -999.0000        0.000000       -999.0000    
  60.00       220.0      -3.200        0.000000       -999.0000        0.000000       -999.0000    
  60.00       230.0      -3.200        0.000000       -999.0000        0.000000       -999.0000    
  60.00       240.0      -3.200        0.000000       -999.0000        0.000000       -999.0000    
  60.00       250.0      -3.200        0.000000       -999.0000        0.000000       -999.0000    
  60.00       260.0      -3.200        0.000000       -999.0000        0.000000       -999.0000    
  60.00       270.0      -3.200        0.000000       -999.0000        0.000000       -999.0000    
  60.00       280.0      -3.200        0.000000       -999.0000        0.000000       -999.0000    
  60.00       290.0      -3.200        0.000000       -999.0000        0.000000       -999.0000    
  60.00       300.0      -3.200        0.000000       -999.0000        0.000000       -999.0000    
  60.00       310.0      -3.200        0.000000       -999.0000        0.000000       -999.0000    
  60.00       320.0      -3.200        0.000000       -999.0000        0.000000       -999.0000    
  60.00       330.0      -3.200        0.000000       -999.0000        0.000000       -999.0000    
  60.00       340.0      -3.200        0.000000       -999.0000        0.000000       -999.0000    
  60.00       350.0      -3.200        0.000000       -999.0000        0.000000       -999.0000    
